// Jest Snapshot v1, https://goo.gl/fbAQLP

exports[`<App /> Snapshots should render the login form if no user is present 1`] = `""`;
